Merge branch 'main' from multiple repositories
Repo two commit 2
Repo two initial import
Repo one commit 2
Repo one initial import