Merge tag 'v1' from multiple repositories
Repo two initial import
Repo one initial import